[NbConvertApp] Converting notebook 3e_simulations_and_recovery_mfmb4_mb_mf.ipynb to notebook
[NbConvertApp] Writing 3962295 bytes to 3e_simulations_and_recovery_mfmb4_mb_mf.ipynb
[NbConvertApp] Converting notebook 4e1_MFMB4_mf_mb_data_cross_fitting_BCC2_planning.ipynb to notebook
[NbConvertApp] Writing 1047426 bytes to 4e1_MFMB4_mf_mb_data_cross_fitting_BCC2_planning.ipynb
[NbConvertApp] Converting notebook 4e2_MFMB4_mf_mb_data_cross_fitting_BCC4_planning_repetition.ipynb to notebook
[NbConvertApp] Writing 1485296 bytes to 4e2_MFMB4_mf_mb_data_cross_fitting_BCC4_planning_repetition.ipynb
[NbConvertApp] Converting notebook 4e3_MFMB4_mf_mb_data_cross_fitting_BCC4_planning_cached.ipynb to notebook
[NbConvertApp] Writing 1492528 bytes to 4e3_MFMB4_mf_mb_data_cross_fitting_BCC4_planning_cached.ipynb
[NbConvertApp] Converting notebook 4e4_MFMB4_mf_mb_data_cross_fitting_BCC6_planning_repetition_cached.ipynb to notebook
[NbConvertApp] Writing 1984339 bytes to 4e4_MFMB4_mf_mb_data_cross_fitting_BCC6_planning_repetition_cached.ipynb
[NbConvertApp] Converting notebook 4e5_MFMB4_mf_mb_data_cross_fitting_MFMB6_mb_mf_prior.ipynb to notebook
Traceback (most recent call last):
  File "/home/sarah/python_venvs/TwoStageStrategies/lib/python3.13/site-packages/jupyter_core/utils/__init__.py", line 154, in wrapped
    asyncio.get_running_loop()
    ~~~~~~~~~~~~~~~~~~~~~~~~^^
RuntimeError: no running event loop

During handling of the above exception, another exception occurred:

Traceback (most recent call last):
  File "/home/sarah/python_venvs/TwoStageStrategies/bin/jupyter-nbconvert", line 8, in <module>
    sys.exit(main())
             ~~~~^^
  File "/home/sarah/python_venvs/TwoStageStrategies/lib/python3.13/site-packages/jupyter_core/application.py", line 284, in launch_instance
    super().launch_instance(argv=argv, **kwargs)
    ~~~~~~~~~~~~~~~~~~~~~~~^^^^^^^^^^^^^^^^^^^^^
  File "/home/sarah/python_venvs/TwoStageStrategies/lib/python3.13/site-packages/traitlets/config/application.py", line 1075, in launch_instance
    app.start()
    ~~~~~~~~~^^
  File "/home/sarah/python_venvs/TwoStageStrategies/lib/python3.13/site-packages/nbconvert/nbconvertapp.py", line 420, in start
    self.convert_notebooks()
    ~~~~~~~~~~~~~~~~~~~~~~^^
  File "/home/sarah/python_venvs/TwoStageStrategies/lib/python3.13/site-packages/nbconvert/nbconvertapp.py", line 597, in convert_notebooks
    self.convert_single_notebook(notebook_filename)
    ~~~~~~~~~~~~~~~~~~~~~~~~~~~~^^^^^^^^^^^^^^^^^^^
  File "/home/sarah/python_venvs/TwoStageStrategies/lib/python3.13/site-packages/nbconvert/nbconvertapp.py", line 563, in convert_single_notebook
    output, resources = self.export_single_notebook(
                        ~~~~~~~~~~~~~~~~~~~~~~~~~~~^
        notebook_filename, resources, input_buffer=input_buffer
        ^^^^^^^^^^^^^^^^^^^^^^^^^^^^^^^^^^^^^^^^^^^^^^^^^^^^^^^
    )
    ^
  File "/home/sarah/python_venvs/TwoStageStrategies/lib/python3.13/site-packages/nbconvert/nbconvertapp.py", line 487, in export_single_notebook
    output, resources = self.exporter.from_filename(
                        ~~~~~~~~~~~~~~~~~~~~~~~~~~~^
        notebook_filename, resources=resources
        ^^^^^^^^^^^^^^^^^^^^^^^^^^^^^^^^^^^^^^
    )
    ^
  File "/home/sarah/python_venvs/TwoStageStrategies/lib/python3.13/site-packages/nbconvert/exporters/exporter.py", line 201, in from_filename
    return self.from_file(f, resources=resources, **kw)
           ~~~~~~~~~~~~~~^^^^^^^^^^^^^^^^^^^^^^^^^^^^^^
  File "/home/sarah/python_venvs/TwoStageStrategies/lib/python3.13/site-packages/nbconvert/exporters/exporter.py", line 220, in from_file
    return self.from_notebook_node(
           ~~~~~~~~~~~~~~~~~~~~~~~^
        nbformat.read(file_stream, as_version=4), resources=resources, **kw
        ^^^^^^^^^^^^^^^^^^^^^^^^^^^^^^^^^^^^^^^^^^^^^^^^^^^^^^^^^^^^^^^^^^^
    )
    ^
  File "/home/sarah/python_venvs/TwoStageStrategies/lib/python3.13/site-packages/nbconvert/exporters/notebook.py", line 36, in from_notebook_node
    nb_copy, resources = super().from_notebook_node(nb, resources, **kw)
                         ~~~~~~~~~~~~~~~~~~~~~~~~~~^^^^^^^^^^^^^^^^^^^^^
  File "/home/sarah/python_venvs/TwoStageStrategies/lib/python3.13/site-packages/nbconvert/exporters/exporter.py", line 154, in from_notebook_node
    nb_copy, resources = self._preprocess(nb_copy, resources)
                         ~~~~~~~~~~~~~~~~^^^^^^^^^^^^^^^^^^^^
  File "/home/sarah/python_venvs/TwoStageStrategies/lib/python3.13/site-packages/nbconvert/exporters/exporter.py", line 353, in _preprocess
    nbc, resc = preprocessor(nbc, resc)
                ~~~~~~~~~~~~^^^^^^^^^^^
  File "/home/sarah/python_venvs/TwoStageStrategies/lib/python3.13/site-packages/nbconvert/preprocessors/base.py", line 48, in __call__
    return self.preprocess(nb, resources)
           ~~~~~~~~~~~~~~~^^^^^^^^^^^^^^^
  File "/home/sarah/python_venvs/TwoStageStrategies/lib/python3.13/site-packages/nbconvert/preprocessors/execute.py", line 103, in preprocess
    self.preprocess_cell(cell, resources, index)
    ~~~~~~~~~~~~~~~~~~~~^^^^^^^^^^^^^^^^^^^^^^^^
  File "/home/sarah/python_venvs/TwoStageStrategies/lib/python3.13/site-packages/nbconvert/preprocessors/execute.py", line 124, in preprocess_cell
    cell = self.execute_cell(cell, index, store_history=True)
  File "/home/sarah/python_venvs/TwoStageStrategies/lib/python3.13/site-packages/jupyter_core/utils/__init__.py", line 158, in wrapped
    return loop.run_until_complete(inner)
           ~~~~~~~~~~~~~~~~~~~~~~~^^^^^^^
  File "/usr/lib/python3.13/asyncio/base_events.py", line 725, in run_until_complete
    return future.result()
           ~~~~~~~~~~~~~^^
  File "/home/sarah/python_venvs/TwoStageStrategies/lib/python3.13/site-packages/nbclient/client.py", line 1062, in async_execute_cell
    await self._check_raise_for_error(cell, cell_index, exec_reply)
  File "/home/sarah/python_venvs/TwoStageStrategies/lib/python3.13/site-packages/nbclient/client.py", line 918, in _check_raise_for_error
    raise CellExecutionError.from_cell_and_msg(cell, exec_reply_content)
nbclient.exceptions.CellExecutionError: An error occurred while executing the following cell:
------------------
mean_scores_df = pd.concat([mean_df, scores_df], axis='columns')#, join="inner")

plt.figure()
x_vars_of_interest = ["true "+name for name in param_names]
print(x_vars_of_interest)
y_vars_of_interest = list(scores_df.keys())
f = sns.pairplot(data=mean_scores_df, kind='reg', #diag_kind="hist", corner=True,
                    plot_kws={'line_kws': {'color': 'green', 'alpha': 0.6}},
                    x_vars=x_vars_of_interest, y_vars=y_vars_of_interest)
f.map(tu.annot_corrfunc)
#for p, p_range in enumerate(param_plot_ranges):
#    f.axes[2,p].set_xlim(p_range)
#    f.axes[p,0].set_ylim(p_range)
#plt.title("BCC3 analysis 1 correlations with scores")
plt.show()

iu.plot_correlations(mean_scores_df, x_vars_of_interest, y_vars_of_interest)
------------------

----- stdout -----
['true mb weight', 'true discount', 'true mf weight', 'true learning rate', 'true prior lr', 'true prior weight']
------------------

[31m---------------------------------------------------------------------------[39m
[31mKeyError[39m                                  Traceback (most recent call last)
[36mFile [39m[32m~/python_venvs/TwoStageStrategies/lib/python3.13/site-packages/pandas/core/indexes/base.py:3812[39m, in [36mIndex.get_loc[39m[34m(self, key)[39m
[32m   3811[39m [38;5;28;01mtry[39;00m:
[32m-> [39m[32m3812[39m     [38;5;28;01mreturn[39;00m [38;5;28;43mself[39;49m[43m.[49m[43m_engine[49m[43m.[49m[43mget_loc[49m[43m([49m[43mcasted_key[49m[43m)[49m
[32m   3813[39m [38;5;28;01mexcept[39;00m [38;5;167;01mKeyError[39;00m [38;5;28;01mas[39;00m err:

[36mFile [39m[32mpandas/_libs/index.pyx:167[39m, in [36mpandas._libs.index.IndexEngine.get_loc[39m[34m()[39m

[36mFile [39m[32mpandas/_libs/index.pyx:196[39m, in [36mpandas._libs.index.IndexEngine.get_loc[39m[34m()[39m

[36mFile [39m[32mpandas/_libs/hashtable_class_helper.pxi:7088[39m, in [36mpandas._libs.hashtable.PyObjectHashTable.get_item[39m[34m()[39m

[36mFile [39m[32mpandas/_libs/hashtable_class_helper.pxi:7096[39m, in [36mpandas._libs.hashtable.PyObjectHashTable.get_item[39m[34m()[39m

[31mKeyError[39m: 'true mb weight'

The above exception was the direct cause of the following exception:

[31mKeyError[39m                                  Traceback (most recent call last)
[36mCell[39m[36m [39m[32mIn[20][39m[32m, line 7[39m
[32m      5[39m [38;5;28mprint[39m(x_vars_of_interest)
[32m      6[39m y_vars_of_interest = [38;5;28mlist[39m(scores_df.keys())
[32m----> [39m[32m7[39m f = [43msns[49m[43m.[49m[43mpairplot[49m[43m([49m[43mdata[49m[43m=[49m[43mmean_scores_df[49m[43m,[49m[43m [49m[43mkind[49m[43m=[49m[33;43m'[39;49m[33;43mreg[39;49m[33;43m'[39;49m[43m,[49m[43m [49m[38;5;66;43;03m#diag_kind="hist", corner=True,[39;49;00m
[32m      8[39m [43m                    [49m[43mplot_kws[49m[43m=[49m[43m{[49m[33;43m'[39;49m[33;43mline_kws[39;49m[33;43m'[39;49m[43m:[49m[43m [49m[43m{[49m[33;43m'[39;49m[33;43mcolor[39;49m[33;43m'[39;49m[43m:[49m[43m [49m[33;43m'[39;49m[33;43mgreen[39;49m[33;43m'[39;49m[43m,[49m[43m [49m[33;43m'[39;49m[33;43malpha[39;49m[33;43m'[39;49m[43m:[49m[43m [49m[32;43m0.6[39;49m[43m}[49m[43m}[49m[43m,[49m
[32m      9[39m [43m                    [49m[43mx_vars[49m[43m=[49m[43mx_vars_of_interest[49m[43m,[49m[43m [49m[43my_vars[49m[43m=[49m[43my_vars_of_interest[49m[43m)[49m
[32m     10[39m f.map(tu.annot_corrfunc)
[32m     11[39m [38;5;66;03m#for p, p_range in enumerate(param_plot_ranges):[39;00m
[32m     12[39m [38;5;66;03m#    f.axes[2,p].set_xlim(p_range)[39;00m
[32m     13[39m [38;5;66;03m#    f.axes[p,0].set_ylim(p_range)[39;00m
[32m     14[39m [38;5;66;03m#plt.title("BCC3 analysis 1 correlations with scores")[39;00m

[36mFile [39m[32m~/python_venvs/TwoStageStrategies/lib/python3.13/site-packages/seaborn/axisgrid.py:2166[39m, in [36mpairplot[39m[34m(data, hue, hue_order, palette, vars, x_vars, y_vars, kind, diag_kind, markers, height, aspect, corner, dropna, plot_kws, diag_kws, grid_kws, size)[39m
[32m   2164[39m [38;5;28;01melif[39;00m kind == [33m"[39m[33mreg[39m[33m"[39m:
[32m   2165[39m     [38;5;28;01mfrom[39;00m[38;5;250m [39m[34;01m.[39;00m[34;01mregression[39;00m[38;5;250m [39m[38;5;28;01mimport[39;00m regplot  [38;5;66;03m# Avoid circular import[39;00m
[32m-> [39m[32m2166[39m     [43mplotter[49m[43m([49m[43mregplot[49m[43m,[49m[43m [49m[43m*[49m[43m*[49m[43mplot_kws[49m[43m)[49m
[32m   2167[39m [38;5;28;01melif[39;00m kind == [33m"[39m[33mkde[39m[33m"[39m:
[32m   2168[39m     [38;5;28;01mfrom[39;00m[38;5;250m [39m[34;01m.[39;00m[34;01mdistributions[39;00m[38;5;250m [39m[38;5;28;01mimport[39;00m kdeplot  [38;5;66;03m# Avoid circular import[39;00m

[36mFile [39m[32m~/python_venvs/TwoStageStrategies/lib/python3.13/site-packages/seaborn/axisgrid.py:1434[39m, in [36mPairGrid.map_offdiag[39m[34m(self, func, **kwargs)[39m
[32m   1432[39m             [38;5;28;01mif[39;00m x_var != y_var:
[32m   1433[39m                 indices.append((i, j))
[32m-> [39m[32m1434[39m     [38;5;28;43mself[39;49m[43m.[49m[43m_map_bivariate[49m[43m([49m[43mfunc[49m[43m,[49m[43m [49m[43mindices[49m[43m,[49m[43m [49m[43m*[49m[43m*[49m[43mkwargs[49m[43m)[49m
[32m   1435[39m [38;5;28;01mreturn[39;00m [38;5;28mself[39m

[36mFile [39m[32m~/python_venvs/TwoStageStrategies/lib/python3.13/site-packages/seaborn/axisgrid.py:1574[39m, in [36mPairGrid._map_bivariate[39m[34m(self, func, indices, **kwargs)[39m
[32m   1572[39m     [38;5;28;01mif[39;00m ax [38;5;129;01mis[39;00m [38;5;28;01mNone[39;00m:  [38;5;66;03m# i.e. we are in corner mode[39;00m
[32m   1573[39m         [38;5;28;01mcontinue[39;00m
[32m-> [39m[32m1574[39m     [38;5;28;43mself[39;49m[43m.[49m[43m_plot_bivariate[49m[43m([49m[43mx_var[49m[43m,[49m[43m [49m[43my_var[49m[43m,[49m[43m [49m[43max[49m[43m,[49m[43m [49m[43mfunc[49m[43m,[49m[43m [49m[43m*[49m[43m*[49m[43mkws[49m[43m)[49m
[32m   1575[39m [38;5;28mself[39m._add_axis_labels()
[32m   1577[39m [38;5;28;01mif[39;00m [33m"[39m[33mhue[39m[33m"[39m [38;5;129;01min[39;00m signature(func).parameters:

[36mFile [39m[32m~/python_venvs/TwoStageStrategies/lib/python3.13/site-packages/seaborn/axisgrid.py:1583[39m, in [36mPairGrid._plot_bivariate[39m[34m(self, x_var, y_var, ax, func, **kwargs)[39m
[32m   1581[39m [38;5;250m[39m[33;03m"""Draw a bivariate plot on the specified axes."""[39;00m
[32m   1582[39m [38;5;28;01mif[39;00m [33m"[39m[33mhue[39m[33m"[39m [38;5;129;01mnot[39;00m [38;5;129;01min[39;00m signature(func).parameters:
[32m-> [39m[32m1583[39m     [38;5;28;43mself[39;49m[43m.[49m[43m_plot_bivariate_iter_hue[49m[43m([49m[43mx_var[49m[43m,[49m[43m [49m[43my_var[49m[43m,[49m[43m [49m[43max[49m[43m,[49m[43m [49m[43mfunc[49m[43m,[49m[43m [49m[43m*[49m[43m*[49m[43mkwargs[49m[43m)[49m
[32m   1584[39m     [38;5;28;01mreturn[39;00m
[32m   1586[39m kwargs = kwargs.copy()

[36mFile [39m[32m~/python_venvs/TwoStageStrategies/lib/python3.13/site-packages/seaborn/axisgrid.py:1647[39m, in [36mPairGrid._plot_bivariate_iter_hue[39m[34m(self, x_var, y_var, ax, func, **kwargs)[39m
[32m   1644[39m [38;5;28;01mif[39;00m [38;5;28mself[39m._dropna:
[32m   1645[39m     data_k = data_k[axes_vars].dropna()
[32m-> [39m[32m1647[39m x = [43mdata_k[49m[43m[[49m[43mx_var[49m[43m][49m
[32m   1648[39m y = data_k[y_var]
[32m   1650[39m [38;5;28;01mfor[39;00m kw, val_list [38;5;129;01min[39;00m [38;5;28mself[39m.hue_kws.items():

[36mFile [39m[32m~/python_venvs/TwoStageStrategies/lib/python3.13/site-packages/pandas/core/frame.py:4107[39m, in [36mDataFrame.__getitem__[39m[34m(self, key)[39m
[32m   4105[39m [38;5;28;01mif[39;00m [38;5;28mself[39m.columns.nlevels > [32m1[39m:
[32m   4106[39m     [38;5;28;01mreturn[39;00m [38;5;28mself[39m._getitem_multilevel(key)
[32m-> [39m[32m4107[39m indexer = [38;5;28;43mself[39;49m[43m.[49m[43mcolumns[49m[43m.[49m[43mget_loc[49m[43m([49m[43mkey[49m[43m)[49m
[32m   4108[39m [38;5;28;01mif[39;00m is_integer(indexer):
[32m   4109[39m     indexer = [indexer]

[36mFile [39m[32m~/python_venvs/TwoStageStrategies/lib/python3.13/site-packages/pandas/core/indexes/base.py:3819[39m, in [36mIndex.get_loc[39m[34m(self, key)[39m
[32m   3814[39m     [38;5;28;01mif[39;00m [38;5;28misinstance[39m(casted_key, [38;5;28mslice[39m) [38;5;129;01mor[39;00m (
[32m   3815[39m         [38;5;28misinstance[39m(casted_key, abc.Iterable)
[32m   3816[39m         [38;5;129;01mand[39;00m [38;5;28many[39m([38;5;28misinstance[39m(x, [38;5;28mslice[39m) [38;5;28;01mfor[39;00m x [38;5;129;01min[39;00m casted_key)
[32m   3817[39m     ):
[32m   3818[39m         [38;5;28;01mraise[39;00m InvalidIndexError(key)
[32m-> [39m[32m3819[39m     [38;5;28;01mraise[39;00m [38;5;167;01mKeyError[39;00m(key) [38;5;28;01mfrom[39;00m[38;5;250m [39m[34;01merr[39;00m
[32m   3820[39m [38;5;28;01mexcept[39;00m [38;5;167;01mTypeError[39;00m:
[32m   3821[39m     [38;5;66;03m# If we have a listlike key, _check_indexing_error will raise[39;00m
[32m   3822[39m     [38;5;66;03m#  InvalidIndexError. Otherwise we fall through and re-raise[39;00m
[32m   3823[39m     [38;5;66;03m#  the TypeError.[39;00m
[32m   3824[39m     [38;5;28mself[39m._check_indexing_error(key)

[31mKeyError[39m: 'true mb weight'

